---
source: tests/snapshots/theme_snapshots_test.rs
expression: output
---
╭───────────────────────────────── Extensions ─────────────────────────────────╮
│                              No extensions found                             │
│                                                                              │
│                      Press 'n' to create a new extension                     │
│                       Press 'i' to import an extension                       │
│                                                                              │
│                                                                              │
│                                                                              │
│                                                                              │
│                                                                              │
│                                                                              │
│                                                                              │
│                                                                              │
│                                                                              │
│                                                                              │
│                                                                              │
│                                                                              │
│                                                                              │
│                                                                              │
│                                                                              │
│                                                                              │
│                                                                              │
│                                                                              │
╰ Up, k: Navigate | Down, j: Navigate | Enter, Space: View | e: Edit | n: New |╯
