---
source: tests/unit/components/extension_form_test.rs
expression: output.unwrap()
---
╭──────────────────────────── Create New Extension ────────────────────────────╮
│                                                                              │
│ ┌Name───────────────────────────────────────────────┐┌Version──────────────┐ │
│ │                                                   ││1.0.0                │ │
│ └───────────────────────────────────────────────────┘└─────────────────────┘ │
│ ┌Description────────────────────────────────────────┐┌Tags─────────────────┐ │
│ │                                                   ││                     │ │
│ └───────────────────────────────────────────────────┘└─────────────────────┘ │
│ ┌Context File────────────────────────┐┌MCP Servers (↑/↓ to navigate, n: new┐ │
│ │GEMINI.md                           ││  No MCP servers configured         │ │
│ └────────────────────────────────────┘│                                    │ │
│ ┌Context Content (Markdown)──────────┐│                                    │ │
│ │                                    ││                                    │ │
│ │                                    ││                                    │ │
│ │                                    ││                                    │ │
│ │                                    ││                                    │ │
│ │                                    ││                                    │ │
│ │                                    ││                                    │ │
│ │                                    ││                                    │ │
│ │                                    ││                                    │ │
│ │                                    ││                                    │ │
│ │                                    ││                                    │ │
│ │                                    ││                                    │ │
│ │                                    ││                                    │ │
│ │                                    ││                                    │ │
│ └────────────────────────────────────┘└────────────────────────────────────┘ │
│          Tab: Next field | Type to edit | Ctrl+S: Save | Esc: Cancel         │
│                                                                              │
│                                                                              │
╰──────────────────────────────────────────────────────────────────────────────╯
